                    00001           ;Dieses Programm soll die ansteigende Flanke hochzählen
                    00002           ;Aufgabe im Mitschrieb
                    00003           
                    00004           DEVICE    16F84
                    00005            
                    00006           ;Definitionen
                    00007           RA   EQU 05H
                    00008           RB  EQU 06H
                    00009           AUSGANG EQU RB
                    00010           EINGANG EQU RA,0
                    00011           RESET EQU RA,1
                    00012           INHIBIT EQU RA,2
                    00013           CARRY EQU RA,3
                    00014           ZAEHLER EQU 0CH
                    00015           MIRROR EQU 0DH
                    00016           
                    00017           ZEROBIT EQU 03H,2
                    00018           SPEICHER EQU 0FH
                    00019           
                    00020           ORG 0
                    00021  tReset   
0000 0186           00022           CLRF AUSGANG
0001 018C           00023           CLRF ZAEHLER
0002 018D           00024           CLRF MIRROR
0003 1185           00025           BCF  CARRY
                    00026            
                    00027  loop     
0004 1885           00028           BTFSC RESET
0005 2800           00029           goto tReset
0006 1905           00030           BTFSC INHIBIT
0007 2804           00031           goto  loop
                    00032            
0008 0805           00033           MOVF RA,W
0009 008F           00034           MOVWF SPEICHER
000A 060D           00035           XORWF MIRROR,W
000B 1903           00036           BTFSC ZEROBIT
000C 2804           00037           goto  loop
000D 080F           00038           MOVF SPEICHER,W
000E 008D           00039           MOVWF MIRROR
000F 1C0F           00040           BTFSS SPEICHER,0
0010 2804           00041           goto  loop
                    00042            
0011 0A8C           00043           INCF ZAEHLER
                    00044            
0012 300F           00045           MOVLW 00001111B
0013 050C           00046           ANDWF ZAEHLER,W
0014 3A0A           00047           XORLW 10
0015 3006           00048           MOVLW 6
0016 1903           00049           BTFSC ZEROBIT
0017 078C           00050           ADDWF ZAEHLER
0018 080C           00051           MOVF ZAEHLER,W
0019 3AA0           00052           XORLW  0A0H
001A 1903           00053           BTFSC ZEROBIT
001B 018C           00054           CLRF ZAEHLER
                    00055            
                    00056           ;BTFSC ZEROBIT
                    00057           ;BSF  CARRY
                    00058           ;BTFSS ZEROBIT
                    00059           ;BCF  CARRY
001C 2804           00060           goto loop
