                    00001           DEVICE    16F84
                    00002           CONFIG    RBPU_ON
                    00003           CONFIG    WDT_ON
                    00004           CONFIG    ANSEL
                    00005           CONFIG    ANSELH
                    00006           
                    00007           STATUS   EQU  03H
                    00008           INTCON   EQU  0BH
                    00009           RP0    EQU  05H
                    00010           RP1    EQU  06H
                    00011           PA    EQU  05H
                    00012           PB    EQU  06H
                    00013           PCL    EQU  02H
                    00014             
                    00015           COUNTER   EQU  20H
                    00016           
                    00017           RA   EQU  05H
                    00018           RB   EQU  06H
                    00019           
                    00020           
                    00021             
                    00022           org  0
                    00023            
0000 0000           00024           NOP
0001 3000           00025           MOVLW 00H
0002 1983           00026           BTFSC
0003 2806           00027           GOTO run
                    00028            
0004 0A85           00029           INCF PA
                    00030            
0005 0009           00031           RETFIE
                    00032            
                    00033            
                    00034            
                    00035            
                    00036            
                    00037  run      
                    00038            
0006 30F0           00039           MOVLW 0F0H
0007 008B           00040           MOVWF INTCON
                    00041            
0008 1683           00042           BSF STATUS, RP0 ; Bank setzten --> Um die Pins zu konfiguri
0009 3000           00043           MOVLW 00H ; 00000000 -> I/O (ins W) (gibt an ob input oder 
000A 0085           00044           MOVWF PA  ; W dann in PA
000B 3000           00045           MOVLW 0H ; 00000000 -> I/O (ins W) (gibt an ob input oder o
000C 0086           00046           MOVWF PB  ; W dann in PB
                    00047             
000D 3001           00048           MOVLW 01H
000E 00EF           00049           MOVWF 0EFH
000F 1283           00050           BCF STATUS, RP0 ; Bank zurÃƒÂ¼cksetzen
                    00051           
0010 3000           00052           MOVLW 0         ; W = 0
0011 0085           00053           MOVWF RA        ; RA = 0
0012 0086           00054           MOVWF RB        ; RB = 0
0013 00A0           00055           MOVWF COUNTER   ; COUNTER = 0
                    00056           
                    00057           ;###  TEST RESET  ###
                    00058  start    
                    00059           
0014 3003           00060           MOVLW 3
                    00061           ; MOVWF RB
                    00062            
0015 2019           00063           CALL wait
                    00064            
0016 3005           00065           MOVLW 5
                    00066           ; MOVWF RB
                    00067            
0017 2019           00068           CALL wait
                    00069            
0018 2814           00070           GOTO start
                    00071            
                    00072            
                    00073           
                    00074  wait     
0019 3000           00075           MOVLW 0
001A 00A0           00076           MOVWF COUNTER
                    00077  loopa    
001B 0AA0           00078           INCF COUNTER
001C 1820           00079           BTFSC COUNTER, 0
001D 281B           00080           GOTO loopa
001E 18A0           00081           BTFSC COUNTER, 1
001F 281B           00082           GOTO loopa
0020 1920           00083           BTFSC COUNTER, 2
0021 281B           00084           GOTO loopa
0022 1DA0           00085           BTFSS COUNTER, 3
0023 281B           00086           GOTO loopa
0024 0008           00087           RETURN
                    00088           
                    00089           END
